Component: ARM Compiler 6.12 Tool: armlink [5d624300]

==============================================================================

Section Cross References

    startup_stm32f103xb.o(RESET) refers to startup_stm32f103xb.o(STACK) for __initial_sp
    startup_stm32f103xb.o(RESET) refers to startup_stm32f103xb.o(.text) for Reset_Handler
    startup_stm32f103xb.o(RESET) refers to stm32f1xx_it.o(.text.NMI_Handler) for NMI_Handler
    startup_stm32f103xb.o(RESET) refers to stm32f1xx_it.o(.text.HardFault_Handler) for HardFault_Handler
    startup_stm32f103xb.o(RESET) refers to stm32f1xx_it.o(.text.MemManage_Handler) for MemManage_Handler
    startup_stm32f103xb.o(RESET) refers to stm32f1xx_it.o(.text.BusFault_Handler) for BusFault_Handler
    startup_stm32f103xb.o(RESET) refers to stm32f1xx_it.o(.text.UsageFault_Handler) for UsageFault_Handler
    startup_stm32f103xb.o(RESET) refers to stm32f1xx_it.o(.text.SVC_Handler) for SVC_Handler
    startup_stm32f103xb.o(RESET) refers to stm32f1xx_it.o(.text.DebugMon_Handler) for DebugMon_Handler
    startup_stm32f103xb.o(RESET) refers to stm32f1xx_it.o(.text.PendSV_Handler) for PendSV_Handler
    startup_stm32f103xb.o(RESET) refers to stm32f1xx_it.o(.text.SysTick_Handler) for SysTick_Handler
    startup_stm32f103xb.o(RESET) refers to stm32f1xx_it.o(.text.USART2_IRQHandler) for USART2_IRQHandler
    startup_stm32f103xb.o(.text) refers to system_stm32f1xx.o(.text.SystemInit) for SystemInit
    startup_stm32f103xb.o(.text) refers to entry.o(.ARM.Collect$$$$00000000) for __main
    cjson.o(.text) refers (Special) to scanf_fp.o(.text) for _scanf_real
    cjson.o(.text.cJSON_GetErrorPtr) refers (Special) to scanf_fp.o(.text) for _scanf_real
    cjson.o(.text.cJSON_GetErrorPtr) refers to cjson.o(.bss..L_MergedGlobals) for [Anonymous Symbol]
    cjson.o(.ARM.exidx.text.cJSON_GetErrorPtr) refers (Special) to scanf_fp.o(.text) for _scanf_real
    cjson.o(.ARM.exidx.text.cJSON_GetErrorPtr) refers to cjson.o(.text.cJSON_GetErrorPtr) for [Anonymous Symbol]
    cjson.o(.text.cJSON_GetStringValue) refers (Special) to scanf_fp.o(.text) for _scanf_real
    cjson.o(.ARM.exidx.text.cJSON_GetStringValue) refers (Special) to scanf_fp.o(.text) for _scanf_real
    cjson.o(.ARM.exidx.text.cJSON_GetStringValue) refers to cjson.o(.text.cJSON_GetStringValue) for [Anonymous Symbol]
    cjson.o(.text.cJSON_IsString) refers (Special) to scanf_fp.o(.text) for _scanf_real
    cjson.o(.ARM.exidx.text.cJSON_IsString) refers (Special) to scanf_fp.o(.text) for _scanf_real
    cjson.o(.ARM.exidx.text.cJSON_IsString) refers to cjson.o(.text.cJSON_IsString) for [Anonymous Symbol]
    cjson.o(.text.cJSON_Version) refers (Special) to scanf_fp.o(.text) for _scanf_real
    cjson.o(.text.cJSON_Version) refers to printfa.o(i.__0sprintf) for __2sprintf
    cjson.o(.text.cJSON_Version) refers to cjson.o(.bss.cJSON_Version.version) for [Anonymous Symbol]
    cjson.o(.ARM.exidx.text.cJSON_Version) refers (Special) to scanf_fp.o(.text) for _scanf_real
    cjson.o(.ARM.exidx.text.cJSON_Version) refers to cjson.o(.text.cJSON_Version) for [Anonymous Symbol]
    cjson.o(.text.cJSON_InitHooks) refers (Special) to scanf_fp.o(.text) for _scanf_real
    cjson.o(.text.cJSON_InitHooks) refers to cjson.o(.data.global_hooks) for [Anonymous Symbol]
    cjson.o(.text.cJSON_InitHooks) refers to mallocr.o(i.__malloc$realloc) for malloc
    cjson.o(.text.cJSON_InitHooks) refers to mallocr.o(i.__free$realloc) for free
    cjson.o(.text.cJSON_InitHooks) refers to mallocr.o(i.realloc) for realloc
    cjson.o(.ARM.exidx.text.cJSON_InitHooks) refers (Special) to scanf_fp.o(.text) for _scanf_real
    cjson.o(.ARM.exidx.text.cJSON_InitHooks) refers to cjson.o(.text.cJSON_InitHooks) for [Anonymous Symbol]
    cjson.o(.text.cJSON_Delete) refers (Special) to scanf_fp.o(.text) for _scanf_real
    cjson.o(.text.cJSON_Delete) refers to cjson.o(.data.global_hooks) for [Anonymous Symbol]
    cjson.o(.ARM.exidx.text.cJSON_Delete) refers (Special) to scanf_fp.o(.text) for _scanf_real
    cjson.o(.ARM.exidx.text.cJSON_Delete) refers to cjson.o(.text.cJSON_Delete) for [Anonymous Symbol]
    cjson.o(.text.cJSON_SetNumberHelper) refers (Special) to scanf_fp.o(.text) for _scanf_real
    cjson.o(.text.cJSON_SetNumberHelper) refers to dcmpge.o(.text) for __aeabi_dcmpge
    cjson.o(.text.cJSON_SetNumberHelper) refers to dcmple.o(.text) for __aeabi_dcmple
    cjson.o(.text.cJSON_SetNumberHelper) refers to dfixi.o(.text) for __aeabi_d2iz
    cjson.o(.ARM.exidx.text.cJSON_SetNumberHelper) refers (Special) to scanf_fp.o(.text) for _scanf_real
    cjson.o(.ARM.exidx.text.cJSON_SetNumberHelper) refers to cjson.o(.text.cJSON_SetNumberHelper) for [Anonymous Symbol]
    cjson.o(.text.cJSON_ParseWithOpts) refers (Special) to scanf_fp.o(.text) for _scanf_real
    cjson.o(.text.cJSON_ParseWithOpts) refers to memseta.o(.text) for __aeabi_memclr4
[...]
    __arm_cp.2_0                             0x08001e40   Number         4  stm32f1xx_hal_cortex.o(.text.NVIC_SetPriority)
    __arm_cp.2_1                             0x08001e44   Number         4  stm32f1xx_hal_cortex.o(.text.NVIC_SetPriority)
    [Anonymous Symbol]                       0x08001e48   Section        0  stm32f1xx_it.o(.text.PendSV_Handler)
    [Anonymous Symbol]                       0x08001e4a   Section        0  stm32f1xx_it.o(.text.SVC_Handler)
    [Anonymous Symbol]                       0x08001e4c   Section        0  stm32f1xx_it.o(.text.SysTick_Handler)
    [Anonymous Symbol]                       0x08001e50   Section        0  main.o(.text.SystemClock_Config)
    [Anonymous Symbol]                       0x08001e9c   Section        0  system_stm32f1xx.o(.text.SystemInit)
    __arm_cp.0_0                             0x08001ed8   Number         4  system_stm32f1xx.o(.text.SystemInit)
    __arm_cp.0_1                             0x08001edc   Number         4  system_stm32f1xx.o(.text.SystemInit)
    __arm_cp.0_2                             0x08001ee0   Number         4  system_stm32f1xx.o(.text.SystemInit)
    __arm_cp.0_3                             0x08001ee4   Number         4  system_stm32f1xx.o(.text.SystemInit)
    UART_DMAAbortOnError                     0x08001ee9   Thumb Code    12  stm32f1xx_hal_uart.o(.text.UART_DMAAbortOnError)
    [Anonymous Symbol]                       0x08001ee8   Section        0  stm32f1xx_hal_uart.o(.text.UART_DMAAbortOnError)
    UART_EndRxTransfer                       0x08001ef5   Thumb Code    26  stm32f1xx_hal_uart.o(.text.UART_EndRxTransfer)
    [Anonymous Symbol]                       0x08001ef4   Section        0  stm32f1xx_hal_uart.o(.text.UART_EndRxTransfer)
    UART_Receive_IT                          0x08001f0f   Thumb Code   120  stm32f1xx_hal_uart.o(.text.UART_Receive_IT)
    [Anonymous Symbol]                       0x08001f0e   Section        0  stm32f1xx_hal_uart.o(.text.UART_Receive_IT)
    UART_SetConfig                           0x08001f89   Thumb Code   228  stm32f1xx_hal_uart.o(.text.UART_SetConfig)
    [Anonymous Symbol]                       0x08001f88   Section        0  stm32f1xx_hal_uart.o(.text.UART_SetConfig)
    __arm_cp.2_0                             0x08002060   Number         4  stm32f1xx_hal_uart.o(.text.UART_SetConfig)
    __arm_cp.2_1                             0x08002064   Number         4  stm32f1xx_hal_uart.o(.text.UART_SetConfig)
    __arm_cp.2_2                             0x08002068   Number         4  stm32f1xx_hal_uart.o(.text.UART_SetConfig)
    UART_WaitOnFlagUntilTimeout              0x0800206d   Thumb Code    88  stm32f1xx_hal_uart.o(.text.UART_WaitOnFlagUntilTimeout)
    [Anonymous Symbol]                       0x0800206c   Section        0  stm32f1xx_hal_uart.o(.text.UART_WaitOnFlagUntilTimeout)
    [Anonymous Symbol]                       0x080020c4   Section        0  stm32f1xx_it.o(.text.USART2_IRQHandler)
    __arm_cp.9_0                             0x080020cc   Number         4  stm32f1xx_it.o(.text.USART2_IRQHandler)
    [Anonymous Symbol]                       0x080020d0   Section        0  stm32f1xx_it.o(.text.UsageFault_Handler)
    add_item_to_array                        0x080020d3   Thumb Code    32  cjson.o(.text.add_item_to_array)
    [Anonymous Symbol]                       0x080020d2   Section        0  cjson.o(.text.add_item_to_array)
    add_item_to_object                       0x080020f5   Thumb Code    80  cjson.o(.text.add_item_to_object)
    [Anonymous Symbol]                       0x080020f4   Section        0  cjson.o(.text.add_item_to_object)
    [Anonymous Symbol]                       0x08002140   Section        0  base64.o(.text.base64_decode)
    __arm_cp.1_0                             0x08002248   Number         4  base64.o(.text.base64_decode)
    buffer_skip_whitespace                   0x0800224d   Thumb Code    42  cjson.o(.text.buffer_skip_whitespace)
    [Anonymous Symbol]                       0x0800224c   Section        0  cjson.o(.text.buffer_skip_whitespace)
    [Anonymous Symbol]                       0x08002276   Section        0  cjson.o(.text.cJSON_AddNumberToObject)
    [Anonymous Symbol]                       0x080022a0   Section        0  cjson.o(.text.cJSON_AddObjectToObject)
    [Anonymous Symbol]                       0x080022c6   Section        0  cjson.o(.text.cJSON_AddStringToObject)
    [Anonymous Symbol]                       0x080022f0   Section        0  cjson.o(.text.cJSON_CreateNumber)
    __arm_cp.41_1                            0x08002348   Number         4  cjson.o(.text.cJSON_CreateNumber)
    __arm_cp.41_2                            0x0800234c   Number         4  cjson.o(.text.cJSON_CreateNumber)
    __arm_cp.41_3                            0x08002350   Number         4  cjson.o(.text.cJSON_CreateNumber)
    [Anonymous Symbol]                       0x08002354   Section        0  cjson.o(.text.cJSON_CreateObject)
    [Anonymous Symbol]                       0x08002374   Section        0  cjson.o(.text.cJSON_CreateString)
    [Anonymous Symbol]                       0x080023a8   Section        0  cjson.o(.text.cJSON_Delete)
    __arm_cp.5_0                             0x080023ec   Number         4  cjson.o(.text.cJSON_Delete)
    [Anonymous Symbol]                       0x080023f0   Section        0  cjson.o(.text.cJSON_GetArrayItem)
    [Anonymous Symbol]                       0x080023fc   Section        0  cjson.o(.text.cJSON_GetArraySize)
    [Anonymous Symbol]                       0x08002414   Section        0  cjson.o(.text.cJSON_GetErrorPtr)
    [Anonymous Symbol]                       0x08002420   Section        0  cjson.o(.text.cJSON_GetObjectItem)
    [Anonymous Symbol]                       0x08002426   Section        0  cjson.o(.text.cJSON_IsArray)
    [Anonymous Symbol]                       0x0800243a   Section        0  cjson.o(.text.cJSON_IsString)
    [Anonymous Symbol]                       0x0800244e   Section        0  cjson.o(.text.cJSON_Minify)
    [Anonymous Symbol]                       0x080024f4   Section        0  cjson.o(.text.cJSON_Parse)
    [Anonymous Symbol]                       0x080024fc   Section        0  cjson.o(.text.cJSON_ParseWithOpts)
    __arm_cp.7_0                             0x080025cc   Number         4  cjson.o(.text.cJSON_ParseWithOpts)
    __arm_cp.7_1                             0x080025d0   Number         4  cjson.o(.text.cJSON_ParseWithOpts)
    [Anonymous Symbol]                       0x080025d8   Section        0  cjson.o(.text.cJSON_PrintPreallocated)
    cJSON_strdup                             0x0800261d   Thumb Code    44  cjson.o(.text.cJSON_strdup)
    [Anonymous Symbol]                       0x0800261c   Section        0  cjson.o(.text.cJSON_strdup)
    __arm_cp.63_0                            0x08002644   Number         4  cjson.o(.text.cJSON_strdup)
    del_qurey_face_infos                     0x08002649   Thumb Code    52  protocol.o(.text.del_qurey_face_infos)
    [Anonymous Symbol]                       0x08002648   Section        0  protocol.o(.text.del_qurey_face_infos)
    ensure                                   0x0800267d   Thumb Code   142  cjson.o(.text.ensure)
    [Anonymous Symbol]                       0x0800267c   Section        0  cjson.o(.text.ensure)
    [Anonymous Symbol]                       0x0800270c   Section        0  main.o(.text.fputc)
    __arm_cp.0_0                             0x08002728   Number         4  main.o(.text.fputc)
    get_array_item                           0x0800272d   Thumb Code    26  cjson.o(.text.get_array_item)
    [Anonymous Symbol]                       0x0800272c   Section        0  cjson.o(.text.get_array_item)
    get_object_item                          0x08002747   Thumb Code   124  cjson.o(.text.get_object_item)
    [Anonymous Symbol]                       0x08002746   Section        0  cjson.o(.text.get_object_item)
    [Anonymous Symbol]                       0x080027c4   Section        0  main.o(.text.main)
    __arm_cp.2_1                             0x08002834   Number         4  main.o(.text.main)
    __arm_cp.2_2                             0x08002838   Number         4  main.o(.text.main)
    __arm_cp.2_4                             0x08002844   Number         4  main.o(.text.main)
    __arm_cp.2_5                             0x08002848   Number         4  main.o(.text.main)
    parse_hex4                               0x0800284d   Thumb Code    76  cjson.o(.text.parse_hex4)
    [Anonymous Symbol]                       0x0800284c   Section        0  cjson.o(.text.parse_hex4)
    parse_string                             0x08002899   Thumb Code   452  cjson.o(.text.parse_string)
    [Anonymous Symbol]                       0x08002898   Section        0  cjson.o(.text.parse_string)
    __arm_cp.86_0                            0x08002a58   Number         4  cjson.o(.text.parse_string)
    parse_value                              0x08002a5d   Thumb Code   820  cjson.o(.text.parse_value)
    [Anonymous Symbol]                       0x08002a5c   Section        0  cjson.o(.text.parse_value)
    __arm_cp.8_0                             0x08002d74   Number         4  cjson.o(.text.parse_value)
    __arm_cp.8_1                             0x08002d78   Number         4  cjson.o(.text.parse_value)
    __arm_cp.8_2                             0x08002d7c   Number         4  cjson.o(.text.parse_value)
    __arm_cp.8_3                             0x08002d80   Number         4  cjson.o(.text.parse_value)
    __arm_cp.8_4                             0x08002d84   Number         4  cjson.o(.text.parse_value)
    __arm_cp.8_5                             0x08002d88   Number         4  cjson.o(.text.parse_value)
    __arm_cp.8_6                             0x08002d8c   Number         4  cjson.o(.text.parse_value)
    print_string_ptr                         0x08002d91   Thumb Code   292  cjson.o(.text.print_string_ptr)
    [Anonymous Symbol]                       0x08002d90   Section        0  cjson.o(.text.print_string_ptr)
    __arm_cp.89_0                            0x08002ea8   Number         4  cjson.o(.text.print_string_ptr)
    print_value                              0x08002eb5   Thumb Code   800  cjson.o(.text.print_value)
    [Anonymous Symbol]                       0x08002eb4   Section        0  cjson.o(.text.print_value)
    __arm_cp.15_3                            0x080031c8   Number         4  cjson.o(.text.print_value)
    __arm_cp.15_4                            0x080031cc   Number         4  cjson.o(.text.print_value)
    __arm_cp.15_5                            0x080031d0   Number         4  cjson.o(.text.print_value)
    protocol_alloc_header                    0x080031d5   Thumb Code   112  protocol.o(.text.protocol_alloc_header)
    [Anonymous Symbol]                       0x080031d4   Section        0  protocol.o(.text.protocol_alloc_header)
    __arm_cp.8_0                             0x0800320c   Number         4  protocol.o(.text.protocol_alloc_header)
    __arm_cp.8_1                             0x08003210   Number         4  protocol.o(.text.protocol_alloc_header)
    __arm_cp.8_2                             0x08003214   Number         4  protocol.o(.text.protocol_alloc_header)
    __arm_cp.8_3                             0x08003218   Number         4  protocol.o(.text.protocol_alloc_header)
    [Anonymous Symbol]                       0x08003244   Section        0  protocol.o(.text.protocol_init)
    __arm_cp.0_0                             0x08003250   Number         4  protocol.o(.text.protocol_init)
    __arm_cp.0_1                             0x08003254   Number         4  protocol.o(.text.protocol_init)
    __arm_cp.0_2                             0x08003258   Number         4  protocol.o(.text.protocol_init)
    [Anonymous Symbol]                       0x0800325c   Section        0  protocol.o(.text.protocol_prase)
    __arm_cp.14_0                            0x080039d8   Number         4  protocol.o(.text.protocol_prase)
    __arm_cp.14_1                            0x080039dc   Number         4  protocol.o(.text.protocol_prase)
    __arm_cp.14_3                            0x08003a04   Number         4  protocol.o(.text.protocol_prase)
    __arm_cp.14_4                            0x08003a08   Number         4  protocol.o(.text.protocol_prase)
    __arm_cp.14_6                            0x08003a20   Number         4  protocol.o(.text.protocol_prase)
    __arm_cp.14_7                            0x08003a24   Number         4  protocol.o(.text.protocol_prase)
    __arm_cp.14_9                            0x08003a30   Number         4  protocol.o(.text.protocol_prase)
    __arm_cp.14_10                           0x08003a34   Number         4  protocol.o(.text.protocol_prase)
    __arm_cp.14_11                           0x08003a38   Number         4  protocol.o(.text.protocol_prase)
    __arm_cp.14_12                           0x08003a3c   Number         4  protocol.o(.text.protocol_prase)
    __arm_cp.14_13                           0x08003a40   Number         4  protocol.o(.text.protocol_prase)
    __arm_cp.14_14                           0x08003a44   Number         4  protocol.o(.text.protocol_prase)
    __arm_cp.14_16                           0x08003a50   Number         4  protocol.o(.text.protocol_prase)
    __arm_cp.14_17                           0x08003a54   Number         4  protocol.o(.text.protocol_prase)
    __arm_cp.14_18                           0x08003a58   Number         4  protocol.o(.text.protocol_prase)
    __arm_cp.14_21                           0x08003aa8   Number         4  protocol.o(.text.protocol_prase)
    __arm_cp.14_22                           0x08003aac   Number         4  protocol.o(.text.protocol_prase)
    __arm_cp.14_23                           0x08003ab0   Number         4  protocol.o(.text.protocol_prase)
    __arm_cp.14_24                           0x08003ab4   Number         4  protocol.o(.text.protocol_prase)
    __arm_cp.14_25                           0x08003ab8   Number         4  protocol.o(.text.protocol_prase)
    __arm_cp.14_26                           0x08003abc   Number         4  protocol.o(.text.protocol_prase)
    __arm_cp.14_27                           0x08003ac0   Number         4  protocol.o(.text.protocol_prase)
    __arm_cp.14_28                           0x08003ac4   Number         4  protocol.o(.text.protocol_prase)
    __arm_cp.14_29                           0x08003ac8   Number         4  protocol.o(.text.protocol_prase)
    __arm_cp.14_30                           0x08003acc   Number         4  protocol.o(.text.protocol_prase)
    __arm_cp.14_32                           0x08003ad4   Number         4  protocol.o(.text.protocol_prase)
    __arm_cp.14_37                           0x08003ae8   Number         4  protocol.o(.text.protocol_prase)
    __arm_cp.14_38                           0x08003aec   Number         4  protocol.o(.text.protocol_prase)
    __arm_cp.14_39                           0x08003af0   Number         4  protocol.o(.text.protocol_prase)
    __arm_cp.14_40                           0x08003af4   Number         4  protocol.o(.text.protocol_prase)
    __arm_cp.14_41                           0x08003af8   Number         4  protocol.o(.text.protocol_prase)
    __arm_cp.14_42                           0x08003afc   Number         4  protocol.o(.text.protocol_prase)
    __arm_cp.14_43                           0x08003b00   Number         4  protocol.o(.text.protocol_prase)
    __arm_cp.14_44                           0x08003b04   Number         4  protocol.o(.text.protocol_prase)
    __arm_cp.14_45                           0x08003b08   Number         4  protocol.o(.text.protocol_prase)
    __arm_cp.14_46                           0x08003b0c   Number         4  protocol.o(.text.protocol_prase)
    __arm_cp.14_47                           0x08003b10   Number         4  protocol.o(.text.protocol_prase)
    __arm_cp.14_48                           0x08003b14   Number         4  protocol.o(.text.protocol_prase)
    __arm_cp.14_49                           0x08003b18   Number         4  protocol.o(.text.protocol_prase)
    __arm_cp.14_50                           0x08003b1c   Number         4  protocol.o(.text.protocol_prase)
    __arm_cp.14_51                           0x08003b20   Number         4  protocol.o(.text.protocol_prase)
    __arm_cp.14_52                           0x08003b24   Number         4  protocol.o(.text.protocol_prase)
    __arm_cp.14_53                           0x08003b28   Number         4  protocol.o(.text.protocol_prase)
    __arm_cp.14_54                           0x08003b2c   Number         4  protocol.o(.text.protocol_prase)
    __arm_cp.14_55                           0x08003b30   Number         4  protocol.o(.text.protocol_prase)
    __arm_cp.14_56                           0x08003b34   Number         4  protocol.o(.text.protocol_prase)
    __arm_cp.14_57                           0x08003b38   Number         4  protocol.o(.text.protocol_prase)
    __arm_cp.14_58                           0x08003b3c   Number         4  protocol.o(.text.protocol_prase)
    __arm_cp.14_59                           0x08003b40   Number         4  protocol.o(.text.protocol_prase)
    __arm_cp.14_60                           0x08003b44   Number         4  protocol.o(.text.protocol_prase)
    __arm_cp.14_61                           0x08003b48   Number         4  protocol.o(.text.protocol_prase)
    __arm_cp.14_62                           0x08003b4c   Number         4  protocol.o(.text.protocol_prase)
    __arm_cp.14_63                           0x08003b50   Number         4  protocol.o(.text.protocol_prase)
    __arm_cp.14_64                           0x08003b54   Number         4  protocol.o(.text.protocol_prase)
    __arm_cp.14_65                           0x08003b58   Number         4  protocol.o(.text.protocol_prase)
    __arm_cp.14_67                           0x08003b60   Number         4  protocol.o(.text.protocol_prase)
    __arm_cp.14_68                           0x08003b64   Number         4  protocol.o(.text.protocol_prase)
    __arm_cp.14_69                           0x08003b68   Number         4  protocol.o(.text.protocol_prase)
    __arm_cp.14_70                           0x08003b6c   Number         4  protocol.o(.text.protocol_prase)
    __arm_cp.14_71                           0x08003b70   Number         4  protocol.o(.text.protocol_prase)
    __arm_cp.14_72                           0x08003b74   Number         4  protocol.o(.text.protocol_prase)
    __arm_cp.14_73                           0x08003b78   Number         4  protocol.o(.text.protocol_prase)
    [Anonymous Symbol]                       0x08003b7c   Section        0  main.o(.text.protocol_prase_callback)
    __arm_cp.1_0                             0x08003db4   Number         4  main.o(.text.protocol_prase_callback)
    __arm_cp.1_3                             0x08003dd0   Number         4  main.o(.text.protocol_prase_callback)
    __arm_cp.1_11                            0x08003e1c   Number         4  main.o(.text.protocol_prase_callback)
    __arm_cp.1_12                            0x08003e20   Number         4  main.o(.text.protocol_prase_callback)
    __arm_cp.1_13                            0x08003e24   Number         4  main.o(.text.protocol_prase_callback)
    __arm_cp.1_14                            0x08003e28   Number         4  main.o(.text.protocol_prase_callback)
    __arm_cp.1_15                            0x08003e2c   Number         4  main.o(.text.protocol_prase_callback)
    __arm_cp.1_16                            0x08003e30   Number         4  main.o(.text.protocol_prase_callback)
    __arm_cp.1_22                            0x08003e80   Number         4  main.o(.text.protocol_prase_callback)
    __arm_cp.1_23                            0x08003e84   Number         4  main.o(.text.protocol_prase_callback)
    __arm_cp.1_24                            0x08003e88   Number         4  main.o(.text.protocol_prase_callback)
    __arm_cp.1_25                            0x08003e8c   Number         4  main.o(.text.protocol_prase_callback)
    __arm_cp.1_26                            0x08003e90   Number         4  main.o(.text.protocol_prase_callback)
    __arm_cp.1_27                            0x08003e94   Number         4  main.o(.text.protocol_prase_callback)
    __arm_cp.1_28                            0x08003e98   Number         4  main.o(.text.protocol_prase_callback)
    __arm_cp.1_29                            0x08003e9c   Number         4  main.o(.text.protocol_prase_callback)
    __arm_cp.1_30                            0x08003ea0   Number         4  main.o(.text.protocol_prase_callback)
    __arm_cp.1_31                            0x08003ea4   Number         4  main.o(.text.protocol_prase_callback)
    __arm_cp.1_32                            0x08003ea8   Number         4  main.o(.text.protocol_prase_callback)
    __arm_cp.1_33                            0x08003eac   Number         4  main.o(.text.protocol_prase_callback)
    __arm_cp.1_34                            0x08003eb0   Number         4  main.o(.text.protocol_prase_callback)
    __arm_cp.1_35                            0x08003eb4   Number         4  main.o(.text.protocol_prase_callback)
    __arm_cp.1_36                            0x08003eb8   Number         4  main.o(.text.protocol_prase_callback)
    __arm_cp.1_37                            0x08003ebc   Number         4  main.o(.text.protocol_prase_callback)
    [Anonymous Symbol]                       0x08003ec0   Section        0  protocol.o(.text.protocol_register_cb)
    __arm_cp.1_0                             0x08003ec8   Number         4  protocol.o(.text.protocol_register_cb)
    protocol_send_obj                        0x08003ecd   Thumb Code   116  protocol.o(.text.protocol_send_obj)
    [Anonymous Symbol]                       0x08003ecc   Section        0  protocol.o(.text.protocol_send_obj)
    __arm_cp.9_0                             0x08003f0c   Number         4  protocol.o(.text.protocol_send_obj)
    __arm_cp.9_1                             0x08003f10   Number         4  protocol.o(.text.protocol_send_obj)
    [Anonymous Symbol]                       0x08003f40   Section        0  protocol.o(.text.protocol_send_query_face)
    __arm_cp.13_1                            0x08003fe0   Number         4  protocol.o(.text.protocol_send_query_face)
    __arm_cp.13_2                            0x08003fe4   Number         4  protocol.o(.text.protocol_send_query_face)
    __arm_cp.13_3                            0x08003fe8   Number         4  protocol.o(.text.protocol_send_query_face)
    __arm_cp.13_4                            0x08003fec   Number         4  protocol.o(.text.protocol_send_query_face)
    __arm_cp.13_5                            0x08003ff0   Number         4  protocol.o(.text.protocol_send_query_face)
    __arm_cp.13_6                            0x08003ff4   Number         4  protocol.o(.text.protocol_send_query_face)
    protocol_send_result                     0x08003ff9   Thumb Code    80  protocol.o(.text.protocol_send_result)
    [Anonymous Symbol]                       0x08003ff8   Section        0  protocol.o(.text.protocol_send_result)
    __arm_cp.15_0                            0x08004008   Number         4  protocol.o(.text.protocol_send_result)
    [Anonymous Symbol]                       0x08004048   Section        0  protocol.o(.text.str_hex)
    update_offset                            0x080040c3   Thumb Code    24  cjson.o(.text.update_offset)
    [Anonymous Symbol]                       0x080040c2   Section        0  cjson.o(.text.update_offset)
    i.__0printf                              0x080040dc   Section        0  printfa.o(i.__0printf)
    i.__0sprintf                             0x080040fc   Section        0  printfa.o(i.__0sprintf)
    i.__free$realloc                         0x08004124   Section        0  mallocr.o(i.__free$realloc)
    i.__malloc$realloc                       0x08004180   Section        0  mallocr.o(i.__malloc$realloc)
    i.__scatterload_copy                     0x080041d0   Section       14  handlers.o(i.__scatterload_copy)
    i.__scatterload_null                     0x080041de   Section        2  handlers.o(i.__scatterload_null)
    i.__scatterload_zeroinit                 0x080041e0   Section       14  handlers.o(i.__scatterload_zeroinit)
    _fp_digits                               0x080041f1   Thumb Code   366  printfa.o(i._fp_digits)
    i._fp_digits                             0x080041f0   Section        0  printfa.o(i._fp_digits)
    i._is_digit                              0x08004374   Section        0  scanf_fp.o(i._is_digit)
    _printf_core                             0x08004385   Thumb Code  1744  printfa.o(i._printf_core)
    i._printf_core                           0x08004384   Section        0  printfa.o(i._printf_core)
    _printf_post_padding                     0x08004a61   Thumb Code    36  printfa.o(i._printf_post_padding)
    i._printf_post_padding                   0x08004a60   Section        0  printfa.o(i._printf_post_padding)
    _printf_pre_padding                      0x08004a85   Thumb Code    46  printfa.o(i._printf_pre_padding)
    i._printf_pre_padding                    0x08004a84   Section        0  printfa.o(i._printf_pre_padding)
    _sputc                                   0x08004ab3   Thumb Code    10  printfa.o(i._sputc)
    i._sputc                                 0x08004ab2   Section        0  printfa.o(i._sputc)
    internal_alloc                           0x08004abd   Thumb Code    76  mallocr.o(i.internal_alloc)
    i.internal_alloc                         0x08004abc   Section        0  mallocr.o(i.internal_alloc)
    i.puts                                   0x08004b0c   Section        0  puts.o(i.puts)
    i.realloc                                0x08004b30   Section        0  mallocr.o(i.realloc)
    i.strtod                                 0x08004b9c   Section        0  strtod.o(i.strtod)
    .constdata                               0x08004bba   Section       64  ctype_c.o(.constdata)
    .L.str.3                                 0x08004c12   Data           6  cjson.o(.rodata.str1.1)
    [Anonymous Symbol]                       0x08004c12   Section        0  cjson.o(.rodata.str1.1)
    .L.str.4                                 0x08004c18   Data           5  cjson.o(.rodata.str1.1)
    .L.str.2                                 0x08004c1d   Data           5  cjson.o(.rodata.str1.1)
    base64_table                             0x08004c22   Data          65  base64.o(.rodata.str1.1)
    [Anonymous Symbol]                       0x08004c22   Section        0  base64.o(.rodata.str1.1)
    .L.str.25                                0x08004c63   Data          24  main.o(.rodata.str1.1)
    [Anonymous Symbol]                       0x08004c63   Section        0  main.o(.rodata.str1.1)
    .L.str.6                                 0x08004c7b   Data          16  main.o(.rodata.str1.1)
    .L.str.11                                0x08004c8b   Data          23  main.o(.rodata.str1.1)
    .L.str.9                                 0x08004c90   Data          18  main.o(.rodata.str1.1)
    .L.str.10                                0x08004ca2   Data          25  main.o(.rodata.str1.1)
    .L.str.8                                 0x08004cbb   Data          14  main.o(.rodata.str1.1)
    .L.str.7                                 0x08004cc9   Data          17  main.o(.rodata.str1.1)
    .L.str.35                                0x08004cda   Data          20  main.o(.rodata.str1.1)
    .L.str.2                                 0x08004cee   Data          10  main.o(.rodata.str1.1)
    .L.str.19                                0x08004cf8   Data          24  main.o(.rodata.str1.1)
    .L.str.5                                 0x08004d10   Data          23  main.o(.rodata.str1.1)
    .L.str.3                                 0x08004d27   Data           9  main.o(.rodata.str1.1)
    .L.str.49                                0x08004d2b   Data           5  main.o(.rodata.str1.1)
    .Lstr.48                                 0x08004d30   Data          21  main.o(.rodata.str1.1)
    .Lstr.49                                 0x08004d45   Data          14  main.o(.rodata.str1.1)
    .Lstr.43                                 0x08004d53   Data          16  main.o(.rodata.str1.1)
    .Lstr.44                                 0x08004d63   Data          10  main.o(.rodata.str1.1)
    .Lstr.45                                 0x08004d6d   Data          14  main.o(.rodata.str1.1)
    .Lstr.47                                 0x08004d79   Data           2  main.o(.rodata.str1.1)
    .L.str.24                                0x08004d7b   Data          13  main.o(.rodata.str1.1)
    .L.str.13                                0x08004d83   Data           5  main.o(.rodata.str1.1)
    .L.str.17                                0x08004d88   Data           9  main.o(.rodata.str1.1)
    .L.str.14                                0x08004d91   Data           5  main.o(.rodata.str1.1)
    .L.str.62                                0x08004d96   Data          13  protocol.o(.rodata.str1.1)
    [Anonymous Symbol]                       0x08004d96   Section        0  protocol.o(.rodata.str1.1)
    .L.str.14                                0x08004da3   Data          37  protocol.o(.rodata.str1.1)
    .L.str.31                                0x08004dc8   Data          12  protocol.o(.rodata.str1.1)
    .Lstr.96                                 0x08004dd4   Data          31  protocol.o(.rodata.str1.1)
    .Lstr.93                                 0x08004df3   Data          18  protocol.o(.rodata.str1.1)
    .L.str.71                                0x08004e05   Data          20  protocol.o(.rodata.str1.1)
    .L.str.73                                0x08004e19   Data          20  protocol.o(.rodata.str1.1)
    .L.str.75                                0x08004e2d   Data          20  protocol.o(.rodata.str1.1)
    .L.str.77                                0x08004e41   Data          20  protocol.o(.rodata.str1.1)
    .L.str.6                                 0x08004e55   Data          12  protocol.o(.rodata.str1.1)
    .L.str.66                                0x08004e61   Data          21  protocol.o(.rodata.str1.1)
    .L.str.87                                0x08004e76   Data          33  protocol.o(.rodata.str1.1)
    .L.str.32                                0x08004e97   Data          18  protocol.o(.rodata.str1.1)
    .L.str.90                                0x08004ea9   Data          30  protocol.o(.rodata.str1.1)
    .L.str.61                                0x08004ec7   Data          21  protocol.o(.rodata.str1.1)
    .L.str.8                                 0x08004edc   Data          16  protocol.o(.rodata.str1.1)
    .L.str.26                                0x08004ee8   Data           4  protocol.o(.rodata.str1.1)
    .L.str.37                                0x08004eec   Data          14  protocol.o(.rodata.str1.1)
    .L.str.34                                0x08004efa   Data          17  protocol.o(.rodata.str1.1)
    .L.str.48                                0x08004f0b   Data          16  protocol.o(.rodata.str1.1)
    .L.str.85                                0x08004f1b   Data          21  protocol.o(.rodata.str1.1)
    .L.str.30                                0x08004f2c   Data           4  protocol.o(.rodata.str1.1)
    .L.str.51                                0x08004f30   Data          21  protocol.o(.rodata.str1.1)
    .L.str.16                                0x08004f45   Data          10  protocol.o(.rodata.str1.1)
    .L.str.82                                0x08004f4f   Data          17  protocol.o(.rodata.str1.1)
    .L.str.11                                0x08004f60   Data          11  protocol.o(.rodata.str1.1)
    .L.str.44                                0x08004f6b   Data          17  protocol.o(.rodata.str1.1)
    .L.str.59                                0x08004f7c   Data          22  protocol.o(.rodata.str1.1)
    .L.str.43                                0x08004f8d   Data           5  protocol.o(.rodata.str1.1)
    .L.str.36                                0x08004f92   Data           5  protocol.o(.rodata.str1.1)
    .L.str.79                                0x08004f97   Data          23  protocol.o(.rodata.str1.1)
    .L.str.78                                0x08004fa8   Data           6  protocol.o(.rodata.str1.1)
    .L.str.80                                0x08004fae   Data          25  protocol.o(.rodata.str1.1)
    .L.str.54                                0x08004fc7   Data          28  protocol.o(.rodata.str1.1)
    .L.str.55                                0x08004fe3   Data          33  protocol.o(.rodata.str1.1)
    .L.str.20                                0x08004ff3   Data          17  protocol.o(.rodata.str1.1)
    .L.str.19                                0x08004ff8   Data          12  protocol.o(.rodata.str1.1)
    .L.str.63                                0x08004ffc   Data           8  protocol.o(.rodata.str1.1)
    .L.str.50                                0x08005004   Data          16  protocol.o(.rodata.str1.1)
    .L.str.4                                 0x08005014   Data           8  protocol.o(.rodata.str1.1)
    .L.str.2                                 0x0800501c   Data           8  protocol.o(.rodata.str1.1)
    .L.str.15                                0x08005020   Data           4  protocol.o(.rodata.str1.1)
    .L.str.46                                0x08005024   Data          16  protocol.o(.rodata.str1.1)
    .L.str.60                                0x08005034   Data          21  protocol.o(.rodata.str1.1)
    .L.str.45                                0x08005045   Data           4  protocol.o(.rodata.str1.1)
    .L.str.83                                0x08005049   Data          23  protocol.o(.rodata.str1.1)
    .L.str.67                                0x08005060   Data          23  protocol.o(.rodata.str1.1)
    .L.str.28                                0x08005071   Data           6  protocol.o(.rodata.str1.1)
    .L.str.33                                0x08005077   Data           8  protocol.o(.rodata.str1.1)
    .L.str.13                                0x0800507f   Data           8  protocol.o(.rodata.str1.1)
    .L.str.58                                0x08005087   Data          17  protocol.o(.rodata.str1.1)
    .L.str.86                                0x08005098   Data          22  protocol.o(.rodata.str1.1)
    .L.str.10                                0x080050ae   Data          10  protocol.o(.rodata.str1.1)
    .L.str.57                                0x080050b3   Data           5  protocol.o(.rodata.str1.1)
    .L.str.89                                0x080050b8   Data          32  protocol.o(.rodata.str1.1)
    .L.str.56                                0x080050d8   Data          35  protocol.o(.rodata.str1.1)
    .L.str.21                                0x080050e8   Data          19  protocol.o(.rodata.str1.1)
    .L.str.7                                 0x080050fb   Data          16  protocol.o(.rodata.str1.1)
    .L.str.1                                 0x0800510b   Data          21  protocol.o(.rodata.str1.1)
    .L.str.9                                 0x08005120   Data          20  protocol.o(.rodata.str1.1)
    .L.str.12                                0x08005134   Data          15  protocol.o(.rodata.str1.1)
    .L.str.5                                 0x08005143   Data          12  protocol.o(.rodata.str1.1)
    .L.str.3                                 0x0800514f   Data          12  protocol.o(.rodata.str1.1)
    .L.str                                   0x0800515b   Data           5  protocol.o(.rodata.str1.1)
    .L.str.69                                0x08005160   Data          25  protocol.o(.rodata.str1.1)
    .L.str.68                                0x08005171   Data           8  protocol.o(.rodata.str1.1)
    .L.str.84                                0x08005179   Data          23  protocol.o(.rodata.str1.1)
    .L.str.29                                0x0800518a   Data           6  protocol.o(.rodata.str1.1)
    .L.str.52                                0x08005190   Data          24  protocol.o(.rodata.str1.1)
    .L.str.18                                0x080051a0   Data           8  protocol.o(.rodata.str1.1)
    .L.str.53                                0x080051a8   Data          27  protocol.o(.rodata.str1.1)
    .L.str.17                                0x080051b8   Data          11  protocol.o(.rodata.str1.1)
    .data                                    0x20000000   Section        4  stdout.o(.data)
    .data                                    0x20000004   Section        4  mvars.o(.data)
    .data                                    0x20000008   Section        4  mvars.o(.data)
    [Anonymous Symbol]                       0x2000000c   Section        0  stm32f1xx_hal.o(.data..L_MergedGlobals)
    global_hooks                             0x20000018   Data          12  cjson.o(.data.global_hooks)
    [Anonymous Symbol]                       0x20000018   Section        0  cjson.o(.data.global_hooks)
    global_error.0                           0x20000060   Data           4  cjson.o(.bss..L_MergedGlobals)
    [Anonymous Symbol]                       0x20000060   Section        0  cjson.o(.bss..L_MergedGlobals)
    global_error.1                           0x20000064   Data           4  cjson.o(.bss..L_MergedGlobals)
    [Anonymous Symbol]                       0x20000068   Section        0  protocol.o(.bss..L_MergedGlobals)
    start_recv_flag                          0x2000006a   Data           1  protocol.o(.bss..L_MergedGlobals)
    cur_pos                                  0x2000006c   Data           4  protocol.o(.bss..L_MergedGlobals)
    cJSON_print_buf                          0x20000078   Data        2048  protocol.o(.bss.cJSON_print_buf)
    [Anonymous Symbol]                       0x20000078   Section        0  protocol.o(.bss.cJSON_print_buf)
    cJSON_recv_buf                           0x20000878   Data        2048  protocol.o(.bss.cJSON_recv_buf)
    [Anonymous Symbol]                       0x20000878   Section        0  protocol.o(.bss.cJSON_recv_buf)
    prase_pkt_cb                             0x200010f8   Data           4  protocol.o(.bss.prase_pkt_cb)
    [Anonymous Symbol]                       0x200010f8   Section        0  protocol.o(.bss.prase_pkt_cb)
    HEAP                                     0x20001100   Section     4096  startup_stm32f103xb.o(HEAP)
    STACK                                    0x20002100   Section     8192  startup_stm32f103xb.o(STACK)

    Global Symbols

    Symbol Name                              Value     Ov Type        Size  Object(Section)

    BuildAttributes$$THM_ISAv4$P$D$K$B$S$PE$A:L22UL41UL21$X:L11$S22US41US21$IEEE1$IW$~IW$USESV6$~STKCKD$USESV7$~SHL$OTIME$ROPI$IEEEJ$EBA8$MICROLIB$REQ8$PRES8$EABIv2 0x00000000   Number         0  anon$$obj.o ABSOLUTE
    _printf_a                                0x00000000   Number         0  stubs.o ABSOLUTE
    _printf_c                                0x00000000   Number         0  stubs.o ABSOLUTE
    _printf_charcount                        0x00000000   Number         0  stubs.o ABSOLUTE
    _printf_d                                0x00000000   Number         0  stubs.o ABSOLUTE
    _printf_e                                0x00000000   Number         0  stubs.o ABSOLUTE
    _printf_f                                0x00000000   Number         0  stubs.o ABSOLUTE
    _printf_flags                            0x00000000   Number         0  stubs.o ABSOLUTE
    _printf_fp_dec                           0x00000000   Number         0  stubs.o ABSOLUTE
    _printf_fp_hex                           0x00000000   Number         0  stubs.o ABSOLUTE
    _printf_g                                0x00000000   Number         0  stubs.o ABSOLUTE
    _printf_i                                0x00000000   Number         0  stubs.o ABSOLUTE
    _printf_int_dec                          0x00000000   Number         0  stubs.o ABSOLUTE
    _printf_l                                0x00000000   Number         0  stubs.o ABSOLUTE
    _printf_lc                               0x00000000   Number         0  stubs.o ABSOLUTE
    _printf_ll                               0x00000000   Number         0  stubs.o ABSOLUTE
    _printf_lld                              0x00000000   Number         0  stubs.o ABSOLUTE
    _printf_lli                              0x00000000   Number         0  stubs.o ABSOLUTE
    _printf_llo                              0x00000000   Number         0  stubs.o ABSOLUTE
    _printf_llu                              0x00000000   Number         0  stubs.o ABSOLUTE
    _printf_llx                              0x00000000   Number         0  stubs.o ABSOLUTE
    _printf_longlong_dec                     0x00000000   Number         0  stubs.o ABSOLUTE
    _printf_longlong_hex                     0x00000000   Number         0  stubs.o ABSOLUTE
    _printf_longlong_oct                     0x00000000   Number         0  stubs.o ABSOLUTE
    _printf_ls                               0x00000000   Number         0  stubs.o ABSOLUTE
    _printf_mbtowc                           0x00000000   Number         0  stubs.o ABSOLUTE
    _printf_n                                0x00000000   Number         0  stubs.o ABSOLUTE
    _printf_o                                0x00000000   Number         0  stubs.o ABSOLUTE
    _printf_p                                0x00000000   Number         0  stubs.o ABSOLUTE
    _printf_percent                          0x00000000   Number         0  stubs.o ABSOLUTE
    _printf_pre_padding                      0x00000000   Number         0  stubs.o ABSOLUTE
    _printf_return_value                     0x00000000   Number         0  stubs.o ABSOLUTE
    _printf_s                                0x00000000   Number         0  stubs.o ABSOLUTE
    _printf_sizespec                         0x00000000   Number         0  stubs.o ABSOLUTE
    _printf_str                              0x00000000   Number         0  stubs.o ABSOLUTE
    _printf_truncate_signed                  0x00000000   Number         0  stubs.o ABSOLUTE
    _printf_truncate_unsigned                0x00000000   Number         0  stubs.o ABSOLUTE
    _printf_u                                0x00000000   Number         0  stubs.o ABSOLUTE
    _printf_wc                               0x00000000   Number         0  stubs.o ABSOLUTE
    _printf_wctomb                           0x00000000   Number         0  stubs.o ABSOLUTE
    _printf_widthprec                        0x00000000   Number         0  stubs.o ABSOLUTE
    _printf_x                                0x00000000   Number         0  stubs.o ABSOLUTE
    __cpp_initialize__aeabi_                  - Undefined Weak Reference
    __cxa_finalize                            - Undefined Weak Reference
    __decompress                              - Undefined Weak Reference
    _clock_init                               - Undefined Weak Reference
    _microlib_exit                            - Undefined Weak Reference
    _scanf_int                                - Undefined Weak Reference
    _scanf_longlong                           - Undefined Weak Reference
    _scanf_string                             - Undefined Weak Reference
    __Vectors_Size                           0x000000ec   Number         0  startup_stm32f103xb.o ABSOLUTE
    __Vectors                                0x08000000   Data           4  startup_stm32f103xb.o(RESET)
    __Vectors_End                            0x080000ec   Data           0  startup_stm32f103xb.o(RESET)
    __main                                   0x080000ed   Thumb Code     0  entry.o(.ARM.Collect$$$$00000000)
    _main_stk                                0x080000ed   Thumb Code     0  entry2.o(.ARM.Collect$$$$00000001)
    _main_scatterload                        0x080000f1   Thumb Code     0  entry5.o(.ARM.Collect$$$$00000004)
    __main_after_scatterload                 0x080000f5   Thumb Code     0  entry5.o(.ARM.Collect$$$$00000004)
    _main_clock                              0x080000f5   Thumb Code     0  entry7b.o(.ARM.Collect$$$$00000008)
    _main_cpp_init                           0x080000f5   Thumb Code     0  entry8b.o(.ARM.Collect$$$$0000000A)
    _main_init                               0x080000f5   Thumb Code     0  entry9a.o(.ARM.Collect$$$$0000000B)
    __rt_final_cpp                           0x080000fd   Thumb Code     0  entry10a.o(.ARM.Collect$$$$0000000D)
    __rt_final_exit                          0x080000fd   Thumb Code     0  entry11a.o(.ARM.Collect$$$$0000000F)
    Reset_Handler                            0x08000101   Thumb Code     8  startup_stm32f103xb.o(.text)
    ADC1_2_IRQHandler                        0x0800011b   Thumb Code     0  startup_stm32f103xb.o(.text)
    CAN1_RX1_IRQHandler                      0x0800011b   Thumb Code     0  startup_stm32f103xb.o(.text)
    CAN1_SCE_IRQHandler                      0x0800011b   Thumb Code     0  startup_stm32f103xb.o(.text)
    DMA1_Channel1_IRQHandler                 0x0800011b   Thumb Code     0  startup_stm32f103xb.o(.text)
    DMA1_Channel2_IRQHandler                 0x0800011b   Thumb Code     0  startup_stm32f103xb.o(.text)
    DMA1_Channel3_IRQHandler                 0x0800011b   Thumb Code     0  startup_stm32f103xb.o(.text)
    DMA1_Channel4_IRQHandler                 0x0800011b   Thumb Code     0  startup_stm32f103xb.o(.text)
    DMA1_Channel5_IRQHandler                 0x0800011b   Thumb Code     0  startup_stm32f103xb.o(.text)
    DMA1_Channel6_IRQHandler                 0x0800011b   Thumb Code     0  startup_stm32f103xb.o(.text)
    DMA1_Channel7_IRQHandler                 0x0800011b   Thumb Code     0  startup_stm32f103xb.o(.text)
    EXTI0_IRQHandler                         0x0800011b   Thumb Code     0  startup_stm32f103xb.o(.text)
    EXTI15_10_IRQHandler                     0x0800011b   Thumb Code     0  startup_stm32f103xb.o(.text)
    EXTI1_IRQHandler                         0x0800011b   Thumb Code     0  startup_stm32f103xb.o(.text)
    EXTI2_IRQHandler                         0x0800011b   Thumb Code     0  startup_stm32f103xb.o(.text)
    EXTI3_IRQHandler                         0x0800011b   Thumb Code     0  startup_stm32f103xb.o(.text)
    EXTI4_IRQHandler                         0x0800011b   Thumb Code     0  startup_stm32f103xb.o(.text)
    EXTI9_5_IRQHandler                       0x0800011b   Thumb Code     0  startup_stm32f103xb.o(.text)
    FLASH_IRQHandler                         0x0800011b   Thumb Code     0  startup_stm32f103xb.o(.text)
    I2C1_ER_IRQHandler                       0x0800011b   Thumb Code     0  startup_stm32f103xb.o(.text)
    I2C1_EV_IRQHandler                       0x0800011b   Thumb Code     0  startup_stm32f103xb.o(.text)
    I2C2_ER_IRQHandler                       0x0800011b   Thumb Code     0  startup_stm32f103xb.o(.text)
    I2C2_EV_IRQHandler                       0x0800011b   Thumb Code     0  startup_stm32f103xb.o(.text)
    PVD_IRQHandler                           0x0800011b   Thumb Code     0  startup_stm32f103xb.o(.text)
    RCC_IRQHandler                           0x0800011b   Thumb Code     0  startup_stm32f103xb.o(.text)
    RTC_Alarm_IRQHandler                     0x0800011b   Thumb Code     0  startup_stm32f103xb.o(.text)
    RTC_IRQHandler                           0x0800011b   Thumb Code     0  startup_stm32f103xb.o(.text)
    SPI1_IRQHandler                          0x0800011b   Thumb Code     0  startup_stm32f103xb.o(.text)
    SPI2_IRQHandler                          0x0800011b   Thumb Code     0  startup_stm32f103xb.o(.text)
    TAMPER_IRQHandler                        0x0800011b   Thumb Code     0  startup_stm32f103xb.o(.text)
    TIM1_BRK_IRQHandler                      0x0800011b   Thumb Code     0  startup_stm32f103xb.o(.text)
    TIM1_CC_IRQHandler                       0x0800011b   Thumb Code     0  startup_stm32f103xb.o(.text)
    TIM1_TRG_COM_IRQHandler                  0x0800011b   Thumb Code     0  startup_stm32f103xb.o(.text)
    TIM1_UP_IRQHandler                       0x0800011b   Thumb Code     0  startup_stm32f103xb.o(.text)
    TIM2_IRQHandler                          0x0800011b   Thumb Code     0  startup_stm32f103xb.o(.text)
    TIM3_IRQHandler                          0x0800011b   Thumb Code     0  startup_stm32f103xb.o(.text)
    TIM4_IRQHandler                          0x0800011b   Thumb Code     0  startup_stm32f103xb.o(.text)
    USART1_IRQHandler                        0x0800011b   Thumb Code     0  startup_stm32f103xb.o(.text)
    USART3_IRQHandler                        0x0800011b   Thumb Code     0  startup_stm32f103xb.o(.text)
    USBWakeUp_IRQHandler                     0x0800011b   Thumb Code     0  startup_stm32f103xb.o(.text)
    USB_HP_CAN1_TX_IRQHandler                0x0800011b   Thumb Code     0  startup_stm32f103xb.o(.text)
    USB_LP_CAN1_RX0_IRQHandler               0x0800011b   Thumb Code     0  startup_stm32f103xb.o(.text)
    WWDG_IRQHandler                          0x0800011b   Thumb Code     0  startup_stm32f103xb.o(.text)
    __aeabi_llsr                             0x08000125   Thumb Code    32  llushr.o(.text)
    _ll_ushift_r                             0x08000125   Thumb Code     0  llushr.o(.text)
    tolower                                  0x08000145   Thumb Code    12  tolower.o(.text)
    __aeabi_memcpy                           0x08000151   Thumb Code    36  memcpya.o(.text)
    __aeabi_memcpy4                          0x08000151   Thumb Code     0  memcpya.o(.text)
    __aeabi_memcpy8                          0x08000151   Thumb Code     0  memcpya.o(.text)
    __aeabi_memset                           0x08000175   Thumb Code    14  memseta.o(.text)
    __aeabi_memset4                          0x08000175   Thumb Code     0  memseta.o(.text)
    __aeabi_memset8                          0x08000175   Thumb Code     0  memseta.o(.text)
    __aeabi_memclr                           0x08000183   Thumb Code     4  memseta.o(.text)
    __aeabi_memclr4                          0x08000183   Thumb Code     0  memseta.o(.text)
    __aeabi_memclr8                          0x08000183   Thumb Code     0  memseta.o(.text)
    _memset$wrapper                          0x08000187   Thumb Code    18  memseta.o(.text)
    strlen                                   0x08000199   Thumb Code    14  strlen.o(.text)
    strcmp                                   0x080001a7   Thumb Code    28  strcmp.o(.text)
    strncmp                                  0x080001c3   Thumb Code    30  strncmp.o(.text)
    __0sscanf                                0x080001e1   Thumb Code    48  __0sscanf.o(.text)
    _scanf_real                              0x08000341   Thumb Code     0  scanf_fp.o(.text)
    _scanf_really_real                       0x08000341   Thumb Code   556  scanf_fp.o(.text)
    __aeabi_dcmple                           0x08000579   Thumb Code    54  dcmple.o(.text)
    __aeabi_dcmpge                           0x080005af   Thumb Code    54  dcmpge.o(.text)
    __aeabi_dcmpeq                           0x080005e5   Thumb Code    56  dcmpeq.o(.text)
    __aeabi_i2d                              0x0800061d   Thumb Code    34  dflti.o(.text)
    __aeabi_d2iz                             0x0800063f   Thumb Code    62  dfixi.o(.text)
    __aeabi_f2d                              0x0800067d   Thumb Code    38  f2d.o(.text)
    __aeabi_d2f                              0x080006a3   Thumb Code    56  d2f.o(.text)
    __aeabi_uidiv                            0x080006db   Thumb Code     0  uidiv.o(.text)
    __aeabi_uidivmod                         0x080006db   Thumb Code    44  uidiv.o(.text)
    __aeabi_uldivmod                         0x08000707   Thumb Code    98  uldiv.o(.text)
    __vfscanf_char                           0x08000775   Thumb Code    20  scanf_char.o(.text)
    _sgetc                                   0x08000791   Thumb Code    30  _sgetc.o(.text)
    _sbackspace                              0x080007af   Thumb Code    34  _sgetc.o(.text)
    __strtod_int                             0x0800080f   Thumb Code    94  strtod.o(.text)
    __I$use$fp                               0x08000879   Thumb Code     0  iusefp.o(.text)
    _float_round                             0x08000879   Thumb Code    18  fepilogue.o(.text)
    _float_epilogue                          0x0800088b   Thumb Code    92  fepilogue.o(.text)
    _double_round                            0x080008e7   Thumb Code    30  depilogue.o(.text)
    _double_epilogue                         0x08000905   Thumb Code   156  depilogue.o(.text)
    __aeabi_dadd                             0x080009a1   Thumb Code   322  dadd.o(.text)
    __aeabi_dsub                             0x08000ae3   Thumb Code     6  dadd.o(.text)
    __aeabi_drsub                            0x08000ae9   Thumb Code     6  dadd.o(.text)
    __aeabi_dmul                             0x08000aef   Thumb Code   228  dmul.o(.text)
    __aeabi_ddiv                             0x08000bd3   Thumb Code   222  ddiv.o(.text)
    __aeabi_ul2d                             0x08000cb1   Thumb Code    24  dfltul.o(.text)
    __aeabi_d2ulz                            0x08000cc9   Thumb Code    48  dfixul.o(.text)
    __aeabi_cdrcmple                         0x08000cf9   Thumb Code    48  cdrcmple.o(.text)
    __scatterload                            0x08000d29   Thumb Code    28  init.o(.text)
    __scatterload_rt2                        0x08000d29   Thumb Code     0  init.o(.text)
    __aeabi_llsl                             0x08000d4d   Thumb Code    30  llshl.o(.text)
    _ll_shift_l                              0x08000d4d   Thumb Code     0  llshl.o(.text)
    __aeabi_lasr                             0x08000d6b   Thumb Code    36  llsshr.o(.text)
    _ll_sshift_r                             0x08000d6b   Thumb Code     0  llsshr.o(.text)
    isspace                                  0x08000d8f   Thumb Code    10  isspace_c.o(.text)
    __vfscanf                                0x08000d99   Thumb Code   808  _scanf.o(.text)
    __ctype_lookup                           0x080010c5   Thumb Code    34  ctype_c.o(.text)
    BusFault_Handler                         0x080010ed   Thumb Code     2  stm32f1xx_it.o(.text.BusFault_Handler)
    DebugMon_Handler                         0x080010ef   Thumb Code     2  stm32f1xx_it.o(.text.DebugMon_Handler)
    Error_Handler                            0x080010f1   Thumb Code     2  main.o(.text.Error_Handler)
    HAL_DMA_Abort_IT                         0x080010f5   Thumb Code   156  stm32f1xx_hal_dma.o(.text.HAL_DMA_Abort_IT)
    HAL_GPIO_Init                            0x08001191   Thumb Code   416  stm32f1xx_hal_gpio.o(.text.HAL_GPIO_Init)
    HAL_GetTick                              0x0800132d   Thumb Code    12  stm32f1xx_hal.o(.text.HAL_GetTick)
    HAL_IncTick                              0x08001335   Thumb Code    24  stm32f1xx_hal.o(.text.HAL_IncTick)
    HAL_Init                                 0x08001349   Thumb Code    36  stm32f1xx_hal.o(.text.HAL_Init)
    HAL_InitTick                             0x08001369   Thumb Code    64  stm32f1xx_hal.o(.text.HAL_InitTick)
    HAL_MspInit                              0x080013a5   Thumb Code    64  stm32f1xx_hal_msp.o(.text.HAL_MspInit)
    HAL_MultiProcessor_Init                  0x080013e5   Thumb Code   116  stm32f1xx_hal_uart.o(.text.HAL_MultiProcessor_Init)
    HAL_NVIC_EnableIRQ                       0x08001459   Thumb Code    24  stm32f1xx_hal_cortex.o(.text.HAL_NVIC_EnableIRQ)
    HAL_NVIC_SetPriority                     0x08001471   Thumb Code    64  stm32f1xx_hal_cortex.o(.text.HAL_NVIC_SetPriority)
    HAL_NVIC_SetPriorityGrouping             0x080014ad   Thumb Code    32  stm32f1xx_hal_cortex.o(.text.HAL_NVIC_SetPriorityGrouping)
    HAL_RCC_ClockConfig                      0x080014cd   Thumb Code   352  stm32f1xx_hal_rcc.o(.text.HAL_RCC_ClockConfig)
    HAL_RCC_GetPCLK1Freq                     0x08001625   Thumb Code    32  stm32f1xx_hal_rcc.o(.text.HAL_RCC_GetPCLK1Freq)
    HAL_RCC_GetPCLK2Freq                     0x08001639   Thumb Code    32  stm32f1xx_hal_rcc.o(.text.HAL_RCC_GetPCLK2Freq)
    HAL_RCC_GetSysClockFreq                  0x08001655   Thumb Code    88  stm32f1xx_hal_rcc.o(.text.HAL_RCC_GetSysClockFreq)
    HAL_RCC_OscConfig                        0x080016ad   Thumb Code   764  stm32f1xx_hal_rcc.o(.text.HAL_RCC_OscConfig)
    HAL_SYSTICK_Config                       0x080019a9   Thumb Code    40  stm32f1xx_hal_cortex.o(.text.HAL_SYSTICK_Config)
    HAL_UART_ErrorCallback                   0x080019d1   Thumb Code     2  stm32f1xx_hal_uart.o(.text.HAL_UART_ErrorCallback)
    HAL_UART_IRQHandler                      0x080019d5   Thumb Code   360  stm32f1xx_hal_uart.o(.text.HAL_UART_IRQHandler)
    HAL_UART_MspInit                         0x08001b3d   Thumb Code   228  usart.o(.text.HAL_UART_MspInit)
    HAL_UART_Receive_IT                      0x08001c15   Thumb Code    76  stm32f1xx_hal_uart.o(.text.HAL_UART_Receive_IT)
    HAL_UART_RxCpltCallback                  0x08001c61   Thumb Code   104  protocol.o(.text.HAL_UART_RxCpltCallback)
    HAL_UART_Transmit                        0x08001cc5   Thumb Code   174  stm32f1xx_hal_uart.o(.text.HAL_UART_Transmit)
    HAL_UART_TxCpltCallback                  0x08001d73   Thumb Code     2  stm32f1xx_hal_uart.o(.text.HAL_UART_TxCpltCallback)
    HardFault_Handler                        0x08001d75   Thumb Code     2  stm32f1xx_it.o(.text.HardFault_Handler)
    MX_GPIO_Init                             0x08001d79   Thumb Code    48  gpio.o(.text.MX_GPIO_Init)
    MX_USART1_UART_Init                      0x08001da9   Thumb Code    60  usart.o(.text.MX_USART1_UART_Init)
    MX_USART2_UART_Init                      0x08001de5   Thumb Code    60  usart.o(.text.MX_USART2_UART_Init)
    MemManage_Handler                        0x08001e21   Thumb Code     2  stm32f1xx_it.o(.text.MemManage_Handler)
    NMI_Handler                              0x08001e23   Thumb Code     2  stm32f1xx_it.o(.text.NMI_Handler)
    PendSV_Handler                           0x08001e49   Thumb Code     2  stm32f1xx_it.o(.text.PendSV_Handler)
    SVC_Handler                              0x08001e4b   Thumb Code     2  stm32f1xx_it.o(.text.SVC_Handler)
    SysTick_Handler                          0x08001e4d   Thumb Code     4  stm32f1xx_it.o(.text.SysTick_Handler)
    SystemClock_Config                       0x08001e51   Thumb Code    74  main.o(.text.SystemClock_Config)
    SystemInit                               0x08001e9d   Thumb Code    76  system_stm32f1xx.o(.text.SystemInit)
    USART2_IRQHandler                        0x080020c5   Thumb Code    12  stm32f1xx_it.o(.text.USART2_IRQHandler)
    UsageFault_Handler                       0x080020d1   Thumb Code     2  stm32f1xx_it.o(.text.UsageFault_Handler)
    base64_decode                            0x08002141   Thumb Code   268  base64.o(.text.base64_decode)
    cJSON_AddNumberToObject                  0x08002277   Thumb Code    42  cjson.o(.text.cJSON_AddNumberToObject)
    cJSON_AddObjectToObject                  0x080022a1   Thumb Code    38  cjson.o(.text.cJSON_AddObjectToObject)
    cJSON_AddStringToObject                  0x080022c7   Thumb Code    40  cjson.o(.text.cJSON_AddStringToObject)
    cJSON_CreateNumber                       0x080022f1   Thumb Code   104  cjson.o(.text.cJSON_CreateNumber)
    cJSON_CreateObject                       0x08002355   Thumb Code    36  cjson.o(.text.cJSON_CreateObject)
    cJSON_CreateString                       0x08002375   Thumb Code    56  cjson.o(.text.cJSON_CreateString)
    cJSON_Delete                             0x080023a9   Thumb Code    72  cjson.o(.text.cJSON_Delete)
    cJSON_GetArrayItem                       0x080023f1   Thumb Code    12  cjson.o(.text.cJSON_GetArrayItem)
    cJSON_GetArraySize                       0x080023fd   Thumb Code    24  cjson.o(.text.cJSON_GetArraySize)
    cJSON_GetErrorPtr                        0x08002415   Thumb Code    16  cjson.o(.text.cJSON_GetErrorPtr)
    cJSON_GetObjectItem                      0x08002421   Thumb Code     6  cjson.o(.text.cJSON_GetObjectItem)
    cJSON_IsArray                            0x08002427   Thumb Code    20  cjson.o(.text.cJSON_IsArray)
    cJSON_IsString                           0x0800243b   Thumb Code    20  cjson.o(.text.cJSON_IsString)
    cJSON_Minify                             0x0800244f   Thumb Code   166  cjson.o(.text.cJSON_Minify)
    cJSON_Parse                              0x080024f5   Thumb Code     8  cjson.o(.text.cJSON_Parse)
    cJSON_ParseWithOpts                      0x080024fd   Thumb Code   220  cjson.o(.text.cJSON_ParseWithOpts)
    cJSON_PrintPreallocated                  0x080025d9   Thumb Code    72  cjson.o(.text.cJSON_PrintPreallocated)
    fputc                                    0x0800270d   Thumb Code    32  main.o(.text.fputc)
    main                                     0x080027c5   Thumb Code   136  main.o(.text.main)
    protocol_init                            0x08003245   Thumb Code    24  protocol.o(.text.protocol_init)
    protocol_prase                           0x0800325d   Thumb Code  2336  protocol.o(.text.protocol_prase)
    protocol_prase_callback                  0x08003b7d   Thumb Code   836  main.o(.text.protocol_prase_callback)
    protocol_register_cb                     0x08003ec1   Thumb Code    12  protocol.o(.text.protocol_register_cb)
    protocol_send_query_face                 0x08003f41   Thumb Code   184  protocol.o(.text.protocol_send_query_face)
    str_hex                                  0x08004049   Thumb Code   122  protocol.o(.text.str_hex)
    __0printf                                0x080040dd   Thumb Code    22  printfa.o(i.__0printf)
    __1printf                                0x080040dd   Thumb Code     0  printfa.o(i.__0printf)
    __2printf                                0x080040dd   Thumb Code     0  printfa.o(i.__0printf)
    __c89printf                              0x080040dd   Thumb Code     0  printfa.o(i.__0printf)
    printf                                   0x080040dd   Thumb Code     0  printfa.o(i.__0printf)
    __0sprintf                               0x080040fd   Thumb Code    34  printfa.o(i.__0sprintf)
    __1sprintf                               0x080040fd   Thumb Code     0  printfa.o(i.__0sprintf)
    __2sprintf                               0x080040fd   Thumb Code     0  printfa.o(i.__0sprintf)
    __c89sprintf                             0x080040fd   Thumb Code     0  printfa.o(i.__0sprintf)
    sprintf                                  0x080040fd   Thumb Code     0  printfa.o(i.__0sprintf)
    free                                     0x08004125   Thumb Code    88  mallocr.o(i.__free$realloc)
    malloc                                   0x08004181   Thumb Code    64  mallocr.o(i.__malloc$realloc)
    __scatterload_copy                       0x080041d1   Thumb Code    14  handlers.o(i.__scatterload_copy)
    __scatterload_null                       0x080041df   Thumb Code     2  handlers.o(i.__scatterload_null)
    __scatterload_zeroinit                   0x080041e1   Thumb Code    14  handlers.o(i.__scatterload_zeroinit)
    _is_digit                                0x08004375   Thumb Code    14  scanf_fp.o(i._is_digit)
    puts                                     0x08004b0d   Thumb Code    30  puts.o(i.puts)
    realloc                                  0x08004b31   Thumb Code   102  mallocr.o(i.realloc)
    strtod                                   0x08004b9d   Thumb Code    30  strtod.o(i.strtod)
    __ctype_categories                       0x08004bba   Data          64  ctype_c.o(.constdata)
    AHBPrescTable                            0x08004bfa   Data          16  system_stm32f1xx.o(.rodata.AHBPrescTable)
    APBPrescTable                            0x08004c0a   Data           8  system_stm32f1xx.o(.rodata.APBPrescTable)
    Region$$Table$$Base                      0x080051c4   Number         0  anon$$obj.o(Region$$Table)
    Region$$Table$$Limit                     0x080051e4   Number         0  anon$$obj.o(Region$$Table)
    __stdout                                 0x20000000   Data           4  stdout.o(.data)
    __microlib_freelist                      0x20000004   Data           4  mvars.o(.data)
    __microlib_freelist_initialised          0x20000008   Data           4  mvars.o(.data)
    uwTickFreq                               0x2000000c   Data           1  stm32f1xx_hal.o(.data..L_MergedGlobals)
    uwTickPrio                               0x20000010   Data           4  stm32f1xx_hal.o(.data..L_MergedGlobals)
    SystemCoreClock                          0x20000014   Data           4  system_stm32f1xx.o(.data.SystemCoreClock)
    protocol_str                             0x20000024   Data          56  protocol.o(.data.protocol_str)
    uart_recv_char                           0x20000068   Data           1  protocol.o(.bss..L_MergedGlobals)
    recv_over_flag                           0x20000069   Data           1  protocol.o(.bss..L_MergedGlobals)
    g_pkt_head                               0x20000070   Data           8  protocol.o(.bss..L_MergedGlobals)
    huart1                                   0x20001078   Data          64  usart.o(.bss.huart1)
    huart2                                   0x200010b8   Data          64  usart.o(.bss.huart2)
    uwTick                                   0x200010fc   Data           4  stm32f1xx_hal.o(.bss.uwTick)
    __heap_base                              0x20001100   Data           0  startup_stm32f103xb.o(HEAP)
    __heap_limit                             0x20002100   Data           0  startup_stm32f103xb.o(HEAP)
    __initial_sp                             0x20004100   Data           0  startup_stm32f103xb.o(STACK)



==============================================================================

Memory Map of the image

  Image Entry point : 0x080000ed

  Load Region LR_IROM1 (Base: 0x08000000, Size: 0x00005248, Max: 0x00010000, ABSOLUTE)

    Execution Region ER_IROM1 (Exec base: 0x08000000, Load base: 0x08000000, Size: 0x000051e4, Max: 0x00010000, ABSOLUTE)

    Exec Addr    Load Addr    Size         Type   Attr      Idx    E Section Name        Object

    0x08000000   0x08000000   0x000000ec   Data   RO            3    RESET               startup_stm32f103xb.o
    0x080000ec   0x080000ec   0x00000000   Code   RO          899  * .ARM.Collect$$$$00000000  mc_w.l(entry.o)
    0x080000ec   0x080000ec   0x00000004   Code   RO         1235    .ARM.Collect$$$$00000001  mc_w.l(entry2.o)
    0x080000f0   0x080000f0   0x00000004   Code   RO         1238    .ARM.Collect$$$$00000004  mc_w.l(entry5.o)
    0x080000f4   0x080000f4   0x00000000   Code   RO         1240    .ARM.Collect$$$$00000008  mc_w.l(entry7b.o)
    0x080000f4   0x080000f4   0x00000000   Code   RO         1242    .ARM.Collect$$$$0000000A  mc_w.l(entry8b.o)
    0x080000f4   0x080000f4   0x00000008   Code   RO         1243    .ARM.Collect$$$$0000000B  mc_w.l(entry9a.o)
    0x080000fc   0x080000fc   0x00000000   Code   RO         1245    .ARM.Collect$$$$0000000D  mc_w.l(entry10a.o)
    0x080000fc   0x080000fc   0x00000000   Code   RO         1247    .ARM.Collect$$$$0000000F  mc_w.l(entry11a.o)
    0x080000fc   0x080000fc   0x00000004   Code   RO         1236    .ARM.Collect$$$$00002712  mc_w.l(entry2.o)
    0x08000100   0x08000100   0x00000024   Code   RO            4    .text               startup_stm32f103xb.o
    0x08000124   0x08000124   0x00000020   Code   RO          906    .text               mc_w.l(llushr.o)
    0x08000144   0x08000144   0x0000000c   Code   RO          908    .text               mc_w.l(tolower.o)
    0x08000150   0x08000150   0x00000024   Code   RO          910    .text               mc_w.l(memcpya.o)
    0x08000174   0x08000174   0x00000024   Code   RO          912    .text               mc_w.l(memseta.o)
    0x08000198   0x08000198   0x0000000e   Code   RO          916    .text               mc_w.l(strlen.o)
    0x080001a6   0x080001a6   0x0000001c   Code   RO          918    .text               mc_w.l(strcmp.o)
    0x080001c2   0x080001c2   0x0000001e   Code   RO          920    .text               mc_w.l(strncmp.o)
    0x080001e0   0x080001e0   0x00000038   Code   RO         1215    .text               mc_w.l(__0sscanf.o)
    0x08000218   0x08000218   0x00000360   Code   RO         1217    .text               mc_w.l(scanf_fp.o)
    0x08000578   0x08000578   0x00000036   Code   RO         1221    .text               mf_w.l(dcmple.o)
    0x080005ae   0x080005ae   0x00000036   Code   RO         1223    .text               mf_w.l(dcmpge.o)
    0x080005e4   0x080005e4   0x00000038   Code   RO         1225    .text               mf_w.l(dcmpeq.o)
    0x0800061c   0x0800061c   0x00000022   Code   RO         1227    .text               mf_w.l(dflti.o)
    0x0800063e   0x0800063e   0x0000003e   Code   RO         1229    .text               mf_w.l(dfixi.o)
    0x0800067c   0x0800067c   0x00000026   Code   RO         1231    .text               mf_w.l(f2d.o)
    0x080006a2   0x080006a2   0x00000038   Code   RO         1233    .text               mf_w.l(d2f.o)
    0x080006da   0x080006da   0x0000002c   Code   RO         1250    .text               mc_w.l(uidiv.o)
    0x08000706   0x08000706   0x00000062   Code   RO         1252    .text               mc_w.l(uldiv.o)
    0x08000768   0x08000768   0x00000028   Code   RO         1256    .text               mc_w.l(scanf_char.o)
    0x08000790   0x08000790   0x00000040   Code   RO         1258    .text               mc_w.l(_sgetc.o)
    0x080007d0   0x080007d0   0x000000a8   Code   RO         1260    .text               mc_w.l(strtod.o)
    0x08000878   0x08000878   0x00000000   Code   RO         1262    .text               mc_w.l(iusefp.o)
    0x08000878   0x08000878   0x0000006e   Code   RO         1263    .text               mf_w.l(fepilogue.o)
    0x080008e6   0x080008e6   0x000000ba   Code   RO         1265    .text               mf_w.l(depilogue.o)
    0x080009a0   0x080009a0   0x0000014e   Code   RO         1267    .text               mf_w.l(dadd.o)
    0x08000aee   0x08000aee   0x000000e4   Code   RO         1269    .text               mf_w.l(dmul.o)
    0x08000bd2   0x08000bd2   0x000000de   Code   RO         1271    .text               mf_w.l(ddiv.o)
    0x08000cb0   0x08000cb0   0x00000018   Code   RO         1273    .text               mf_w.l(dfltul.o)
    0x08000cc8   0x08000cc8   0x00000030   Code   RO         1275    .text               mf_w.l(dfixul.o)
    0x08000cf8   0x08000cf8   0x00000030   Code   RO         1277    .text               mf_w.l(cdrcmple.o)
    0x08000d28   0x08000d28   0x00000024   Code   RO         1279    .text               mc_w.l(init.o)
    0x08000d4c   0x08000d4c   0x0000001e   Code   RO         1281    .text               mc_w.l(llshl.o)
    0x08000d6a   0x08000d6a   0x00000024   Code   RO         1283    .text               mc_w.l(llsshr.o)
    0x08000d8e   0x08000d8e   0x0000000a   Code   RO         1285    .text               mc_w.l(isspace_c.o)
    0x08000d98   0x08000d98   0x0000032c   Code   RO         1287    .text               mc_w.l(_scanf.o)
    0x080010c4   0x080010c4   0x00000028   Code   RO         1289    .text               mc_w.l(ctype_c.o)
    0x080010ec   0x080010ec   0x00000002   Code   RO          347    .text.BusFault_Handler  stm32f1xx_it.o
    0x080010ee   0x080010ee   0x00000002   Code   RO          353    .text.DebugMon_Handler  stm32f1xx_it.o
    0x080010f0   0x080010f0   0x00000002   Code   RO          300    .text.Error_Handler  main.o
    0x080010f2   0x080010f2   0x00000002   PAD
    0x080010f4   0x080010f4   0x0000009c   Code   RO          706    .text.HAL_DMA_Abort_IT  stm32f1xx_hal_dma.o
    0x08001190   0x08001190   0x0000019c   Code   RO          669    .text.HAL_GPIO_Init  stm32f1xx_hal_gpio.o
    0x0800132c   0x0800132c   0x00000008   Code   RO          572    .text.HAL_GetTick   stm32f1xx_hal.o
    0x08001334   0x08001334   0x00000014   Code   RO          570    .text.HAL_IncTick   stm32f1xx_hal.o
    0x08001348   0x08001348   0x00000020   Code   RO          560    .text.HAL_Init      stm32f1xx_hal.o
    0x08001368   0x08001368   0x0000003c   Code   RO          562    .text.HAL_InitTick  stm32f1xx_hal.o
    0x080013a4   0x080013a4   0x00000040   Code   RO          369    .text.HAL_MspInit   stm32f1xx_hal_msp.o
    0x080013e4   0x080013e4   0x00000074   Code   RO          457    .text.HAL_MultiProcessor_Init  stm32f1xx_hal_uart.o
    0x08001458   0x08001458   0x00000018   Code   RO          735    .text.HAL_NVIC_EnableIRQ  stm32f1xx_hal_cortex.o
    0x08001470   0x08001470   0x0000003c   Code   RO          731    .text.HAL_NVIC_SetPriority  stm32f1xx_hal_cortex.o
    0x080014ac   0x080014ac   0x00000020   Code   RO          729    .text.HAL_NVIC_SetPriorityGrouping  stm32f1xx_hal_cortex.o
    0x080014cc   0x080014cc   0x00000158   Code   RO          621    .text.HAL_RCC_ClockConfig  stm32f1xx_hal_rcc.o
    0x08001624   0x08001624   0x00000014   Code   RO          633    .text.HAL_RCC_GetPCLK1Freq  stm32f1xx_hal_rcc.o
    0x08001638   0x08001638   0x0000001c   Code   RO          635    .text.HAL_RCC_GetPCLK2Freq  stm32f1xx_hal_rcc.o
    0x08001654   0x08001654   0x00000058   Code   RO          623    .text.HAL_RCC_GetSysClockFreq  stm32f1xx_hal_rcc.o
    0x080016ac   0x080016ac   0x000002fc   Code   RO          619    .text.HAL_RCC_OscConfig  stm32f1xx_hal_rcc.o
    0x080019a8   0x080019a8   0x00000028   Code   RO          743    .text.HAL_SYSTICK_Config  stm32f1xx_hal_cortex.o
    0x080019d0   0x080019d0   0x00000002   Code   RO          527    .text.HAL_UART_ErrorCallback  stm32f1xx_hal_uart.o
    0x080019d2   0x080019d2   0x00000002   PAD
    0x080019d4   0x080019d4   0x00000168   Code   RO          521    .text.HAL_UART_IRQHandler  stm32f1xx_hal_uart.o
    0x08001b3c   0x08001b3c   0x000000d8   Code   RO          326    .text.HAL_UART_MspInit  usart.o
    0x08001c14   0x08001c14   0x0000004c   Code   RO          471    .text.HAL_UART_Receive_IT  stm32f1xx_hal_uart.o
    0x08001c60   0x08001c60   0x00000064   Code   RO          385    .text.HAL_UART_RxCpltCallback  protocol.o
    0x08001cc4   0x08001cc4   0x000000ae   Code   RO          463    .text.HAL_UART_Transmit  stm32f1xx_hal_uart.o
    0x08001d72   0x08001d72   0x00000002   Code   RO          529    .text.HAL_UART_TxCpltCallback  stm32f1xx_hal_uart.o
    0x08001d74   0x08001d74   0x00000002   Code   RO          343    .text.HardFault_Handler  stm32f1xx_it.o
    0x08001d76   0x08001d76   0x00000002   PAD
    0x08001d78   0x08001d78   0x00000030   Code   RO          313    .text.MX_GPIO_Init  gpio.o
    0x08001da8   0x08001da8   0x0000003c   Code   RO          322    .text.MX_USART1_UART_Init  usart.o
    0x08001de4   0x08001de4   0x0000003c   Code   RO          324    .text.MX_USART2_UART_Init  usart.o
    0x08001e20   0x08001e20   0x00000002   Code   RO          345    .text.MemManage_Handler  stm32f1xx_it.o
    0x08001e22   0x08001e22   0x00000002   Code   RO          341    .text.NMI_Handler   stm32f1xx_it.o
    0x08001e24   0x08001e24   0x00000024   Code   RO          733    .text.NVIC_SetPriority  stm32f1xx_hal_cortex.o
    0x08001e48   0x08001e48   0x00000002   Code   RO          355    .text.PendSV_Handler  stm32f1xx_it.o
    0x08001e4a   0x08001e4a   0x00000002   Code   RO          351    .text.SVC_Handler   stm32f1xx_it.o
    0x08001e4c   0x08001e4c   0x00000004   Code   RO          357    .text.SysTick_Handler  stm32f1xx_it.o
    0x08001e50   0x08001e50   0x0000004a   Code   RO          298    .text.SystemClock_Config  main.o
    0x08001e9a   0x08001e9a   0x00000002   PAD
    0x08001e9c   0x08001e9c   0x0000004c   Code   RO          880    .text.SystemInit    system_stm32f1xx.o
    0x08001ee8   0x08001ee8   0x0000000c   Code   RO          525    .text.UART_DMAAbortOnError  stm32f1xx_hal_uart.o
    0x08001ef4   0x08001ef4   0x0000001a   Code   RO          493    .text.UART_EndRxTransfer  stm32f1xx_hal_uart.o
    0x08001f0e   0x08001f0e   0x00000078   Code   RO          523    .text.UART_Receive_IT  stm32f1xx_hal_uart.o
    0x08001f86   0x08001f86   0x00000002   PAD
    0x08001f88   0x08001f88   0x000000e4   Code   RO          451    .text.UART_SetConfig  stm32f1xx_hal_uart.o
    0x0800206c   0x0800206c   0x00000058   Code   RO          465    .text.UART_WaitOnFlagUntilTimeout  stm32f1xx_hal_uart.o
    0x080020c4   0x080020c4   0x0000000c   Code   RO          359    .text.USART2_IRQHandler  stm32f1xx_it.o
    0x080020d0   0x080020d0   0x00000002   Code   RO          349    .text.UsageFault_Handler  stm32f1xx_it.o
    0x080020d2   0x080020d2   0x00000020   Code   RO           61    .text.add_item_to_array  cjson.o
    0x080020f2   0x080020f2   0x00000002   PAD
    0x080020f4   0x080020f4   0x0000004c   Code   RO           65    .text.add_item_to_object  cjson.o
    0x08002140   0x08002140   0x0000010c   Code   RO          280    .text.base64_decode  base64.o
    0x0800224c   0x0800224c   0x0000002a   Code   RO           29    .text.buffer_skip_whitespace  cjson.o
    0x08002276   0x08002276   0x0000002a   Code   RO           91    .text.cJSON_AddNumberToObject  cjson.o
    0x080022a0   0x080022a0   0x00000026   Code   RO          103    .text.cJSON_AddObjectToObject  cjson.o
    0x080022c6   0x080022c6   0x00000028   Code   RO           95    .text.cJSON_AddStringToObject  cjson.o
    0x080022ee   0x080022ee   0x00000002   PAD
    0x080022f0   0x080022f0   0x00000064   Code   RO           93    .text.cJSON_CreateNumber  cjson.o
    0x08002354   0x08002354   0x00000020   Code   RO          105    .text.cJSON_CreateObject  cjson.o
    0x08002374   0x08002374   0x00000034   Code   RO           97    .text.cJSON_CreateString  cjson.o
    0x080023a8   0x080023a8   0x00000048   Code   RO           21    .text.cJSON_Delete  cjson.o
    0x080023f0   0x080023f0   0x0000000c   Code   RO           47    .text.cJSON_GetArrayItem  cjson.o
    0x080023fc   0x080023fc   0x00000018   Code   RO           45    .text.cJSON_GetArraySize  cjson.o
    0x08002414   0x08002414   0x0000000c   Code   RO           11    .text.cJSON_GetErrorPtr  cjson.o
    0x08002420   0x08002420   0x00000006   Code   RO           51    .text.cJSON_GetObjectItem  cjson.o
    0x08002426   0x08002426   0x00000014   Code   RO          169    .text.cJSON_IsArray  cjson.o
    0x0800243a   0x0800243a   0x00000014   Code   RO           15    .text.cJSON_IsString  cjson.o
    0x0800244e   0x0800244e   0x000000a6   Code   RO          155    .text.cJSON_Minify  cjson.o
    0x080024f4   0x080024f4   0x00000008   Code   RO           31    .text.cJSON_Parse   cjson.o
    0x080024fc   0x080024fc   0x000000dc   Code   RO           25    .text.cJSON_ParseWithOpts  cjson.o
    0x080025d8   0x080025d8   0x00000044   Code   RO           43    .text.cJSON_PrintPreallocated  cjson.o
    0x0800261c   0x0800261c   0x0000002c   Code   RO          137    .text.cJSON_strdup  cjson.o
    0x08002648   0x08002648   0x00000034   Code   RO          411    .text.del_qurey_face_infos  protocol.o
    0x0800267c   0x0800267c   0x0000008e   Code   RO          187    .text.ensure        cjson.o
    0x0800270a   0x0800270a   0x00000002   PAD
    0x0800270c   0x0800270c   0x00000020   Code   RO          292    .text.fputc         main.o
    0x0800272c   0x0800272c   0x0000001a   Code   RO           49    .text.get_array_item  cjson.o
    0x08002746   0x08002746   0x0000007c   Code   RO           53    .text.get_object_item  cjson.o
    0x080027c2   0x080027c2   0x00000002   PAD
    0x080027c4   0x080027c4   0x00000088   Code   RO          296    .text.main          main.o
    0x0800284c   0x0800284c   0x0000004c   Code   RO          185    .text.parse_hex4    cjson.o
    0x08002898   0x08002898   0x000001c4   Code   RO          183    .text.parse_string  cjson.o
    0x08002a5c   0x08002a5c   0x00000334   Code   RO           27    .text.parse_value   cjson.o
    0x08002d90   0x08002d90   0x00000124   Code   RO          189    .text.print_string_ptr  cjson.o
    0x08002eb4   0x08002eb4   0x00000320   Code   RO           41    .text.print_value   cjson.o
    0x080031d4   0x080031d4   0x00000070   Code   RO          395    .text.protocol_alloc_header  protocol.o
    0x08003244   0x08003244   0x00000018   Code   RO          379    .text.protocol_init  protocol.o
    0x0800325c   0x0800325c   0x00000920   Code   RO          407    .text.protocol_prase  protocol.o
    0x08003b7c   0x08003b7c   0x00000344   Code   RO          294    .text.protocol_prase_callback  main.o
    0x08003ec0   0x08003ec0   0x0000000c   Code   RO          381    .text.protocol_register_cb  protocol.o
    0x08003ecc   0x08003ecc   0x00000074   Code   RO          397    .text.protocol_send_obj  protocol.o
    0x08003f40   0x08003f40   0x000000b8   Code   RO          405    .text.protocol_send_query_face  protocol.o
    0x08003ff8   0x08003ff8   0x00000050   Code   RO          409    .text.protocol_send_result  protocol.o
    0x08004048   0x08004048   0x0000007a   Code   RO          391    .text.str_hex       protocol.o
    0x080040c2   0x080040c2   0x00000018   Code   RO          181    .text.update_offset  cjson.o
    0x080040da   0x080040da   0x00000002   PAD
    0x080040dc   0x080040dc   0x00000020   Code   RO         1159    i.__0printf         mc_w.l(printfa.o)
    0x080040fc   0x080040fc   0x00000028   Code   RO         1161    i.__0sprintf        mc_w.l(printfa.o)
    0x08004124   0x08004124   0x0000005c   Code   RO         1191    i.__free$realloc    mc_w.l(mallocr.o)
    0x08004180   0x08004180   0x00000050   Code   RO         1192    i.__malloc$realloc  mc_w.l(mallocr.o)
    0x080041d0   0x080041d0   0x0000000e   Code   RO         1294    i.__scatterload_copy  mc_w.l(handlers.o)
    0x080041de   0x080041de   0x00000002   Code   RO         1295    i.__scatterload_null  mc_w.l(handlers.o)
    0x080041e0   0x080041e0   0x0000000e   Code   RO         1296    i.__scatterload_zeroinit  mc_w.l(handlers.o)
    0x080041ee   0x080041ee   0x00000002   PAD
    0x080041f0   0x080041f0   0x00000184   Code   RO         1166    i._fp_digits        mc_w.l(printfa.o)
    0x08004374   0x08004374   0x0000000e   Code   RO         1219    i._is_digit         mc_w.l(scanf_fp.o)
    0x08004382   0x08004382   0x00000002   PAD
    0x08004384   0x08004384   0x000006dc   Code   RO         1167    i._printf_core      mc_w.l(printfa.o)
    0x08004a60   0x08004a60   0x00000024   Code   RO         1168    i._printf_post_padding  mc_w.l(printfa.o)
    0x08004a84   0x08004a84   0x0000002e   Code   RO         1169    i._printf_pre_padding  mc_w.l(printfa.o)
    0x08004ab2   0x08004ab2   0x0000000a   Code   RO         1171    i._sputc            mc_w.l(printfa.o)
    0x08004abc   0x08004abc   0x00000050   Code   RO         1193    i.internal_alloc    mc_w.l(mallocr.o)
    0x08004b0c   0x08004b0c   0x00000024   Code   RO          902    i.puts              mc_w.l(puts.o)
    0x08004b30   0x08004b30   0x0000006c   Code   RO         1194    i.realloc           mc_w.l(mallocr.o)
    0x08004b9c   0x08004b9c   0x0000001e   Code   RO          896    i.strtod            m_ws.l(strtod.o)
    0x08004bba   0x08004bba   0x00000040   Data   RO         1290    .constdata          mc_w.l(ctype_c.o)
    0x08004bfa   0x08004bfa   0x00000010   Data   RO          885    .rodata.AHBPrescTable  system_stm32f1xx.o
    0x08004c0a   0x08004c0a   0x00000008   Data   RO          886    .rodata.APBPrescTable  system_stm32f1xx.o
    0x08004c12   0x08004c12   0x00000010   Data   RO          193    .rodata.str1.1      cjson.o
    0x08004c22   0x08004c22   0x00000041   Data   RO          282    .rodata.str1.1      base64.o
    0x08004c63   0x08004c63   0x00000133   Data   RO          302    .rodata.str1.1      main.o
    0x08004d96   0x08004d96   0x0000042d   Data   RO          413    .rodata.str1.1      protocol.o
    0x080051c3   0x080051c3   0x00000001   PAD
    0x080051c4   0x080051c4   0x00000020   Data   RO         1293    Region$$Table       anon$$obj.o


    Execution Region RW_IRAM1 (Exec base: 0x20000000, Load base: 0x080051e8, Size: 0x00004100, Max: 0x00005000, ABSOLUTE)

    Exec Addr    Load Addr    Size         Type   Attr      Idx    E Section Name        Object

    0x20000000   0x080051e8   0x00000004   Data   RW         1249    .data               mc_w.l(stdout.o)
    0x20000004   0x080051ec   0x00000004   Data   RW         1254    .data               mc_w.l(mvars.o)
    0x20000008   0x080051f0   0x00000004   Data   RW         1255    .data               mc_w.l(mvars.o)
    0x2000000c   0x080051f4   0x00000008   Data   RW          607    .data..L_MergedGlobals  stm32f1xx_hal.o
    0x20000014   0x080051fc   0x00000004   Data   RW          884    .data.SystemCoreClock  system_stm32f1xx.o
    0x20000018   0x08005200   0x0000000c   Data   RW          192    .data.global_hooks  cjson.o
    0x20000024   0x0800520c   0x00000038   Data   RW          414    .data.protocol_str  protocol.o
    0x2000005c   0x08005244   0x00000004   PAD
    0x20000060        -       0x00000008   Zero   RW          194    .bss..L_MergedGlobals  cjson.o
    0x20000068        -       0x00000010   Zero   RW          420    .bss..L_MergedGlobals  protocol.o
    0x20000078        -       0x00000800   Zero   RW          419    .bss.cJSON_print_buf  protocol.o
    0x20000878        -       0x00000800   Zero   RW          416    .bss.cJSON_recv_buf  protocol.o
    0x20001078        -       0x00000040   Zero   RW          330    .bss.huart1         usart.o
    0x200010b8        -       0x00000040   Zero   RW          331    .bss.huart2         usart.o
    0x200010f8        -       0x00000004   Zero   RW          415    .bss.prase_pkt_cb   protocol.o
    0x200010fc        -       0x00000004   Zero   RW          606    .bss.uwTick         stm32f1xx_hal.o
    0x20001100        -       0x00001000   Zero   RW            2    HEAP                startup_stm32f103xb.o
    0x20002100        -       0x00002000   Zero   RW            1    STACK               startup_stm32f103xb.o


==============================================================================

Image component sizes


      Code (inc. data)   RO Data    RW Data    ZI Data      Debug   Object Name

       268          4         65          0          0       2356   base64.o
      3882        138         16         12          8      34552   cjson.o
        48          4          0          0          0        883   gpio.o
      1080        318        307          0          0       5068   main.o
      3138        674       1069         56       4116      16640   protocol.o
        36          8        236          0      12288        764   startup_stm32f103xb.o
       120          8          0          8          4       5534   stm32f1xx_hal.o
       192         28          0          0          0       7754   stm32f1xx_hal_cortex.o
       156         24          0          0          0       6487   stm32f1xx_hal_dma.o
       412         52          0          0          0       4334   stm32f1xx_hal_gpio.o
        64          8          0          0          0       1170   stm32f1xx_hal_msp.o
      1244         64          0          0          0       6832   stm32f1xx_hal_rcc.o
      1204         16          0          0          0      15460   stm32f1xx_hal_uart.o
        32          4          0          0          0       1082   stm32f1xx_it.o
        76         16         24          4          0       2071   system_stm32f1xx.o
       336         20          0          0        128       5309   usart.o

    ----------------------------------------------------------------------
     12308       1386       1750         80      16548     116296   Object Totals
         0          0         32          0          0          0   (incl. Generated)
        20          0          1          0          4          0   (incl. Padding)

    ----------------------------------------------------------------------

      Code (inc. data)   RO Data    RW Data    ZI Data      Debug   Library Member Name

        30          0          0          0          0         80   strtod.o
        56          8          0          0          0         84   __0sscanf.o
       812          4          0          0          0        112   _scanf.o
        64          0          0          0          0         84   _sgetc.o
        40          6         64          0          0         68   ctype_c.o
         0          0          0          0          0          0   entry.o
         0          0          0          0          0          0   entry10a.o
         0          0          0          0          0          0   entry11a.o
         8          4          0          0          0          0   entry2.o
         4          0          0          0          0          0   entry5.o
         0          0          0          0          0          0   entry7b.o
         0          0          0          0          0          0   entry8b.o
         8          4          0          0          0          0   entry9a.o
        30          0          0          0          0          0   handlers.o
        36          8          0          0          0         68   init.o
        10          0          0          0          0         68   isspace_c.o
         0          0          0          0          0          0   iusefp.o
        30          0          0          0          0         68   llshl.o
        36          0          0          0          0         68   llsshr.o
        32          0          0          0          0         68   llushr.o
       360         30          0          0          0        356   mallocr.o
        36          0          0          0          0         68   memcpya.o
        36          0          0          0          0        108   memseta.o
         0          0          0          8          0          0   mvars.o
      2308         96          0          0          0        604   printfa.o
        36          6          0          0          0         80   puts.o
        40          8          0          0          0         84   scanf_char.o
       878         12          0          0          0        216   scanf_fp.o
         0          0          0          4          0          0   stdout.o
        28          0          0          0          0         76   strcmp.o
        14          0          0          0          0         68   strlen.o
        30          0          0          0          0         80   strncmp.o
       168         12          0          0          0        124   strtod.o
        12          0          0          0          0         68   tolower.o
        44          0          0          0          0         80   uidiv.o
        98          0          0          0          0         92   uldiv.o
        48          0          0          0          0         68   cdrcmple.o
        56          0          0          0          0         88   d2f.o
       334          0          0          0          0        148   dadd.o
        56          0          0          0          0         80   dcmpeq.o
        54          0          0          0          0         80   dcmpge.o
        54          0          0          0          0         80   dcmple.o
       222          0          0          0          0        100   ddiv.o
       186          0          0          0          0        176   depilogue.o
        62          0          0          0          0         80   dfixi.o
        48          0          0          0          0         68   dfixul.o
        34          0          0          0          0         76   dflti.o
        24          0          0          0          0         76   dfltul.o
       228          0          0          0          0         96   dmul.o
        38          0          0          0          0         68   f2d.o
       110          0          0          0          0        168   fepilogue.o

    ----------------------------------------------------------------------
      6842        198         64         12          0       4324   Library Totals
         4          0          0          0          0          0   (incl. Padding)

    ----------------------------------------------------------------------

      Code (inc. data)   RO Data    RW Data    ZI Data      Debug   Library Name

        30          0          0          0          0         80   m_ws.l
      5254        198         64         12          0       2792   mc_w.l
      1554          0          0          0          0       1452   mf_w.l

    ----------------------------------------------------------------------
      6842        198         64         12          0       4324   Library Totals

    ----------------------------------------------------------------------

==============================================================================


      Code (inc. data)   RO Data    RW Data    ZI Data      Debug   

     19150       1584       1814         92      16548     118156   Grand Totals
     19150       1584       1814         92      16548     118156   ELF Image Totals
     19150       1584       1814         92          0          0   ROM Totals

==============================================================================

    Total RO  Size (Code + RO Data)                20964 (  20.47kB)
    Total RW  Size (RW Data + ZI Data)             16640 (  16.25kB)
    Total ROM Size (Code + RO Data + RW Data)      21056 (  20.56kB)

==============================================================================

